// Jest Snapshot v1, https://goo.gl/fbAQLP

exports[`MoviesBox should render MoviesBox 1`] = `
<section
  className="movie-box"
>
  <MovieCard
    characters={
      Array [
        "C-3PO",
      ]
    }
    episode_id={1}
    id={1}
    key="0"
    opening_crawl="Turmoil has engulfed the Galactic Republic."
    release_date="1999-05-19"
    title="The Phantom Menace"
  />
</section>
`;
