// Jest Snapshot v1, https://goo.gl/fbAQLP

exports[`FavoriteCharacters should render FavoriteCharacters with all data passed in correctly 1`] = `
<section
  className="favorite-box"
>
  <CharacterCard
    character={
      Object {
        "films": Array [
          "die hard",
        ],
        "isFavorite": true,
        "name": "Leia",
        "planet": "Alderaan",
        "population": 230000,
        "species": "human",
      }
    }
    isFavorite={true}
    key="0"
    removeFavorite={[MockFunction]}
  />
</section>
`;
