// Jest Snapshot v1, https://goo.gl/fbAQLP

exports[`CharactersPage should match snapshot with all data passed in correctly 1`] = `
<section
  className="characters-page"
>
  <Header
    headerText="Episode 1: The Phantom Menace"
    isButton={true}
    logOut={[MockFunction]}
    user={
      Object {
        "name": "Taylor Swift",
        "quote": "I find your lack of faith disturbing",
        "rank": "intermediate",
      }
    }
  />
  <main
    className="crawl-text"
  >
    <section>
      <div>
        <h4>
          The Phantom Menace
        </h4>
        <p>
          Turmoil has engulfed the, Galactic Republic.
        </p>
      </div>
    </section>
  </main>
  <div>
    <h3>
      All Movie Characters
    </h3>
    <FavoriteFilter
      number={0}
    />
  </div>
  <CharacterBox
    addFavorite={[MockFunction]}
    characters={
      Array [
        "C-3PO",
      ]
    }
    favorites={Array []}
    removeFavorite={[MockFunction]}
  />
</section>
`;
