// Jest Snapshot v1, https://goo.gl/fbAQLP

exports[`MovieCard should render MovieCard 1`] = `
<section
  className="movie-card"
>
  <h3>
    Episode 
    1
  </h3>
  <h4>
    2 fast 2 furious
  </h4>
  <p>
    2000
  </p>
  <button>
    <NavLink
      className="view-chr"
      key="1"
      to="/movies/1"
    >
      View characters
    </NavLink>
  </button>
</section>
`;
