// Jest Snapshot v1, https://goo.gl/fbAQLP

exports[`UserProfile should match snapshot if toLoginPage state is true 1`] = `
<Redirect
  to="/"
/>
`;

exports[`UserProfile should render UserProfile 1`] = `
<section
  className="user-profile"
>
  <div
    style={
      Object {
        "backgroundImage": "url(death-star.svg)",
      }
    }
  />
  <section>
    <h3>
      The Rock
      <span>
         
        expert
      </span>
    </h3>
    <p>
      I hate sand
    </p>
    <button
      onClick={[Function]}
    >
      Log Out
    </button>
  </section>
</section>
`;
